// Jest Snapshot v1, https://goo.gl/fbAQLP

exports[`basic has consistent output 1`] = `
Object {
  "": Array [],
  "$manager": Array [
    "$manager | http-server-group config {",
    "$manager |   \\"proxyOptions\\": {},",
    "$manager |   \\"servers\\": [",
    "$manager |     {",
    "$manager |       \\"label\\": \\"a\\",",
    "$manager |       \\"env\\": {",
    "$manager |         \\"KEY\\": \\"a\\"",
    "$manager |       },",
    "$manager |       \\"command\\": [",
    "$manager |         \\"node\\",",
    "$manager |         \\"test/fixtures/server-node.js\\"",
    "$manager |       ],",
    "$manager |       \\"host\\": \\"localhost\\",",
    "$manager |       \\"port\\": 3001,",
    "$manager |       \\"paths\\": [",
    "$manager |         \\"/a\\"",
    "$manager |       ],",
    "$manager |       \\"proxyOptions\\": {}",
    "$manager |     },",
    "$manager |     {",
    "$manager |       \\"label\\": \\"b\\",",
    "$manager |       \\"env\\": {",
    "$manager |         \\"KEY\\": \\"b\\"",
    "$manager |       },",
    "$manager |       \\"command\\": \\"node test/fixtures/server-node.js\\",",
    "$manager |       \\"host\\": \\"localhost\\",",
    "$manager |       \\"port\\": 3002,",
    "$manager |       \\"paths\\": [",
    "$manager |         \\"/b\\"",
    "$manager |       ],",
    "$manager |       \\"proxyOptions\\": {}",
    "$manager |     }",
    "$manager |   ]",
    "$manager | }",
    "$manager | Starting 'a'...",
    "$manager | Starting 'b'...",
    "$manager | Started 'a' @ http://localhost:3001",
    "$manager | Started 'b' @ http://localhost:3002",
    "$manager | Starting '$proxy'...",
    "$manager | Started '$proxy' @ http://localhost:3000",
    "$manager | Ready",
  ],
  "$proxy": Array [],
  "a": Array [
    "a        | [out] Starting...",
    "a        | [out] Started",
  ],
  "b": Array [
    "b        | [out] Starting...",
    "b        | [out] Started",
  ],
}
`;

exports[`basic has consistent output 2`] = `
Array [
  "",
  "",
]
`;
